[    0.000000] Initializing cgroup subsys cpuset
[    0.000000] Initializing cgroup subsys cpu
[    0.000000] Initializing cgroup subsys cpuacct
[    0.000000] Linux version 4.4.0-154-generic (buildd@lgw01-amd64-049) (gcc version 5.4.0 20160609 (Ubuntu 5.4.0-6ubuntu1~16.04.10) ) #181-Ubuntu SMP Tue Jun 25 05:29:03 UTC 2019 (Ubuntu 4.4.0-154.181-generic 4.4.179)
[    0.000000] Command line: BOOT_IMAGE=/boot/vmlinuz-4.4.0-154-generic root=LABEL=cloudimg-rootfs ro console=tty1 console=ttyS0
[    0.000000] KERNEL supported cpus:
[    0.000000]   Intel GenuineIntel
[    0.000000]   AMD AuthenticAMD
[    0.000000]   Centaur CentaurHauls
[    0.000000] x86/fpu: Legacy x87 FPU detected.
[    0.000000] e820: BIOS-provided physical RAM map:
[    0.000000] BIOS-e820: [mem 0x0000000000000000-0x000000000009fbff] usable
[    0.000000] BIOS-e820: [mem 0x000000000009fc00-0x000000000009ffff] reserved
[    0.000000] BIOS-e820: [mem 0x00000000000f0000-0x00000000000fffff] reserved
[    0.000000] BIOS-e820: [mem 0x0000000000100000-0x000000003ffeffff] usable
[    0.000000] BIOS-e820: [mem 0x000000003fff0000-0x000000003fffffff] ACPI data
[    0.000000] BIOS-e820: [mem 0x00000000fec00000-0x00000000fec00fff] reserved
[    0.000000] BIOS-e820: [mem 0x00000000fee00000-0x00000000fee00fff] reserved
[    0.000000] BIOS-e820: [mem 0x00000000fffc0000-0x00000000ffffffff] reserved
[    0.000000] NX (Execute Disable) protection: active
[    0.000000] SMBIOS 2.5 present.
[    0.000000] Hypervisor detected: KVM
[    0.000000] e820: last_pfn = 0x3fff0 max_arch_pfn = 0x400000000
[    0.000000] MTRR: Disabled
[    0.000000] x86/PAT: MTRRs disabled, skipping PAT initialization too.
[    0.000000] CPU MTRRs all blank - virtualized system.
[    0.000000] x86/PAT: Configuration [0-7]: WB  WT  UC- UC  WB  WT  UC- UC  
[    0.000000] found SMP MP-table at [mem 0x0009fff0-0x0009ffff] mapped at [ffff88000009fff0]
[    0.000000] Scanning 1 areas for low memory corruption
[    0.000000] RAMDISK: [mem 0x362fa000-0x37174fff]
[    0.000000] ACPI: Early table checksum verification disabled
[    0.000000] ACPI: RSDP 0x00000000000E0000 000024 (v02 VBOX  )
[    0.000000] ACPI: XSDT 0x000000003FFF0030 00003C (v01 VBOX   VBOXXSDT 00000001 ASL  00000061)
[    0.000000] ACPI: FACP 0x000000003FFF00F0 0000F4 (v04 VBOX   VBOXFACP 00000001 ASL  00000061)
[    0.000000] ACPI: DSDT 0x000000003FFF0470 0021FF (v02 VBOX   VBOXBIOS 00000002 INTL 20180105)
[    0.000000] ACPI: FACS 0x000000003FFF0200 000040
[    0.000000] ACPI: FACS 0x000000003FFF0200 000040
[    0.000000] ACPI: APIC 0x000000003FFF0240 00005C (v02 VBOX   VBOXAPIC 00000001 ASL  00000061)
[    0.000000] ACPI: SSDT 0x000000003FFF02A0 0001CC (v01 VBOX   VBOXCPUT 00000002 INTL 20180105)
[    0.000000] No NUMA configuration found
[    0.000000] Faking a node at [mem 0x0000000000000000-0x000000003ffeffff]
[    0.000000] NODE_DATA(0) allocated [mem 0x3ffeb000-0x3ffeffff]
[    0.000000] kvm-clock: Using msrs 4b564d01 and 4b564d00
[    0.000000] kvm-clock: cpu 0, msr 0:3ffe3001, primary cpu clock
[    0.000000] kvm-clock: using sched offset of 512825040 cles
[    0.000000] clocksource: kvm-clock: mask: 0xffffffffffffff max_cycles: 0x1cd42e4dffb, max_idle_ns: 881590591483 ns
[    0.000000] Zone ranges:
[    0.000000]   DMA      [mem 0x0000000000001000-0x0000000000ffffff]
[    0.000000]   DMA32    [mem 0x0000000001000000-0x000000003ffeffff]
[    0.000000]   Normal   empty
[    0.000000]   Device   empty
[    0.000000] Movable zone start for each node
[    0.000000] Early memory node ranges
[    0.000000]   node   0: [mem 0x000000000001000-0x000000000009efff]
[    0.000000]   node   0: [mem 0x000000000010000-0x000000003ffeffff]
[    0.000000] Initmem setup node 0 [mem 0x0000000000001000-0x000000003ffeffff]
[    0.000000] ACPI: PM-Timer IO Port: 0x4008
[    0.000000] IOAPIC[0]: apic_id 2, version 32, address 0xfec00000, GSI 0-23
[    0.000000] ACPI: INT_SRC_OVR (bus 0 bus_irq 0 global_ir 2 dfl dfl)
[    0.000000] ACPI: INT_SRC_OVR (bus 0 bus_irq 9 global_irq 9 low level)
[    0.000000] Using ACPI (MADT) for SMP configuration information
[    0.000000] smpoot: Allowing 2 CPUs, 0 hotplug CPUs
[    0.000000] PM: Registered nosave memory: [mem 0x00000000-0x00000fff]
[    0.000000] PM: Registered nosave memory: [mem 0x0009f000-0x0009ffff]
[    0.000000] PM: Registered nosave memory: [mem 0x000a0000-0x000effff]
[    0.000000] PM: Registered nosave memory: [mem 0x000f0000-0x000fffff]
[    0.000000] e820: [mem 0x40000000-0xfebfffff] available for PCI devices
[    0.000000] Booting paravirtualized kernel on KVM
[    0.000000] clocksource: refined-jiffies: mask: 0xfffffff max_cycles: 0xffffffff, max_idle_ns: 7645519600211568 ns
[    0.000000] setup_percpu: NR_CPUS:512 nr_cpumask_bits:512 nr_cpu_ids:2 nr_node_ids:1
[    0.000000] PERCPU: Embedded 34 pages/cpu @ffff88003fc00000 s99480 r8192 d31592 u1048576
[    0.000000] Built 1 zonelists in Node order, mobility grouping on.  Total pages: 257912
[    0.000000] Policy zone: DMA32
[    0.000000] Kernel command line: BOOT_IMAGE=/boot/vmlinuz-4.4.0-154-generic root=LABEL=cloudimg-rootfs ro console=tty1 console=ttyS0
[    0.000000] PID hash table entries: 4096 (order: 3, 32768 bytes)
[    0.000000] Memory: 997732K/1048120K available (8613K kernel code, 1335K rwdata, 4028K rodata, 1484K init, 1284K bss, 50388K reserved, 0K cma-reserved)
[    0.000000] SLUB: HWalign=64, Order=0-3, MinObjects=0, CPUs=2, Nodes=1
[    0.000000] Kernel/User page tables isolation: enabled
[    0.000000] Hierarchical RCU implementation.
[    0.000000] 	Build-time adjustment of leaf fanout to 64.
[    0.000000] 	RCU restricting CPUs from NR_CPUS=512 to nr_cpu_ids=2.
[    0.000000] RCU: Adjusting geometry for rcu_fanout_leaf=64, nr_cpu_ids=2
[    0.000000] NR_IRQS:33024 nr_irqs:440 16
[    0.000000] Consolee: colour VGA+ 80x25
[    0.000000] console [tty1] enabled
[    0.000000] console [ttyS0 eabled[    0.000000] tsc: Detected 2992.498 MHz processor
[    1.845329] Calibrating delay loop (skipped) preset value.. 5984.99 BogoMIPS (lpj=11969992)
[    1.848242] pid_max: default: 32768 minimum: 301
[    1.849769] ACPI: Core revision 20150930
[    1.852464] ACPI: 2 ACPI AML tables successfully acquired and loaded
[    1.854611] Security Framework initialized
[    1.856039] Yama: becoming mindful.
[    1.857397] AppArmor: AppArmor initialized
[    1.859023] Dentry cache hash table entries: 131072 (order: 8, 1048576 bytes)
[    1.960565] Inode-cache hash table entries: 65536 (order: 7, 524288 bytes)
[    2.080206] Mount-cache hash table entries: 2048 (order: 2, 16384 bytes)
[    2.082168] Mountpoint-cache hash table entries: 2048 (order: 2, 16384 bytes)
[    2.112631] Initializing cgroup subsys io
[    2.114028] Initializing cgroup subsys memory
[    2.115513] Initializing cgroup subsys devices
[    2.117010] Initializing cgroup subsys freezer
[    2.118496] Initializing cgroup subsys net_cls
[    2.152769] Initializing cgroup subsys perf_event
[    2.228979] Initializing cgroup subsys net_prio
[    2.291129] Initializing cgroup subsys hugetlb
[    2.292640] Initializing cgroup subsys pids
[    2.294199] mce: CPU supports 0 MCE banks
[    2.337078] Last level iTLB entries: 4KB 128, 2MB 4, 4MB 4
[    2.384066] Last level dTLB entries: 4KB 256, 2MB 0, 4MB 32, 1GB 0
[    2.478148] Spectre V2 : Mitigation: Full generic retpoline
[    2.504558] Spectre V2 : Spectre v2 / SpectreRSB mitigation: Filling RSB on context switch
[    2.507355] Speculative Store Bypass: Vulnerable
[    2.513291] MDS: Vulnerable: Clear CPU buffers attempted, no microcode
[    2.522527] Freeing SMP alternatives memory: 36K
[    2.541533] ftrace: allocating 32299 entries in 127 pages
[    2.646115] smpboot: APIC(0) Converting physical 0 to logical package 0
[    2.656970] smpboot: Max logical packages: 1
[    2.659012] x2apic enabled
[    2.664315] Switched APIC routing to physical x2apic.
[    2.668308] ..TIMER: vector=0x30 apic1=0 pin1=2 apic2=-1 pin2=-1
[    2.775122] smpboot: CPU0: Intel(R) Core(TM)2 Duo CPU     E8400  @ 3.00GHz (family: 0x6, model: 0x17, stepping: 0xa)
[    2.800043] Performance Events: unsupported p6 CPU model 23 no PMU driver, software events only.
[    2.958397] KVM setup paravirtual spinlock
[    3.005840] x86: Booting SMP configuration:
[    3.043860] .... node  #0, CPUs:      #1
[    3.103980] kvm-clock: cpu 1, msr 0:3ffe3041, secondary cpu clock
[    3.113530] mce: CPU supports 0 MCE banks
[    3.116693] x86: Booted up 1 node, 2 CPUs
[    3.118579] smpboot: Total of 2 processors activated (11969.99 BogoMIPS)
[    3.126525] devtmpfs: initialized
[    3.135948] evm: security.selinux
[    3.142537] evm: security.SMACK64
[    3.143790] evm: security.SMACK64EXEC
[    3.145100] evm: security.SMACK64TRANSMUTE
[    3.146495] evm: security.SMACK64MMAP
[    3.148886] evm: security.ima
[    3.150057] evm: security.capability
[    3.162222] clocksource: jiffies: mask: 0xffffffff max_cycles: 0xffffffff, max_idle_ns: 7645041785100000 ns
[    3.165368] futex hash table entries: 512 (order: 3, 32768 bytes)
[    3.172720] pinctrl core: initialized pinctrl subsystem
[    3.174534] RTC time: 16:27:30, date: 08/22/19
[    3.176428] NET: Registered protocol family 16
[    3.199316] cpuidle: using governor ladder
[    3.215382] cpuidle: using governor menu
[    3.216822] PCCT header not found.
[    3.218129] ACPI: bus type PCI registered
[    3.219524] acpiphp: ACPI Hot Plug PCI Controller Driver version: 0.5
[    3.221556] PCI: Using configuration type 1 for base access
[    3.240275] ACPI: Added _OSI(Module Device)
[    3.241702] ACPI: Added _OSI(Processor Device)
[    3.243176] ACPI: Added _OSI(3.0 _SCP Extensions)
[    3.244745] ACPI: Added _OSI(Processor Aggregator Device)
[    3.247248] ACPI: Executed 1 blocks of module-level executable AML code
[    3.288219] ACPI: Interpreter enabled
[    3.289542] ACPI: (supports S0 S5)
[    3.290800] ACPI: Using IOAPIC for interrupt routing
[    3.309278] PCI: Using host bridge windows from ACPI; if necessary, use "pci=nocrs" and report a bug
[    3.316813] ACPI: PCI Root Bridge [PCI0] (domain 0000 [bus 00-ff])
[    3.318661] acpi PNP0A03:00: _OSC: OS supports [ASPM ClockPM Segments MSI]
[    3.329357] acpi PNP0A03:00: _OSC: not requesting OS control; OS requires [ExtendedConfig ASPM ClockPM MSI]
[    3.332434] acpi PNP0A03:00: fail to add MMCONFIG information, can't access extended PCI configuration space under this bridge.
[    3.336234] PCI host bridge to bus 0000:00
[    3.337635] pci_bus 0000:00: root bus resource [io  0x0000-0x0cf7 window]
[    3.339606] pci_bus 0000:00: root bus resource [io  0x0d00-0xffff window]
[    3.341587] pci_bus 0000:00: root bus resource [mem 0x000a0000-0x000bffff window]
[    3.344172] pci_bus 0000:00: root bus resource [mem 0x40000000-0xfdffffff window]
[    3.346748] pci_bus 0000:00: root bus resource [bus 00-ff]
[    3.389982] pci 0000:00:01.1: legacy IDE quirk: reg 0x10: [io  0x01f0-0x01f7]
[    3.392039] pci 0000:00:01.1: legacy IDE quirk: reg 0x14: [io  0x03f6]
[    3.393952] pci 0000:00:01.1: legacy IDE quirk: reg 0x18: [io  0x0170-0x0177]
[    3.396036] pci 0000:00:01.1: legacy IDE quirk: reg 0x1c: [io  0x0376]
[    3.425319] pci 0000:00:07.0: quirk: [io  0x4000-0x403f] claimed by PIIX4 ACPI
[    3.433313] pci 0000:00:07.0: quirk: [io  0x4100-0x410f] claimed by PIIX4 SMB
[    3.449037] ACPI: PCI Interrupt Link [LNKA] (IRQs 5 9 10 *11)
[    3.454050] ACPI: PCI Interrupt Link [LNKB] (IRQs 5 9 *10 11)
[    3.456515] ACPI: PCI Interrupt Link [LNKC] (IRQs 5 *9 10 11)
[    3.458916] ACPI: PCI Interrupt Link [LNKD] (IRQs 5 9 10 *11)
[    3.461451] ACPI: Enabled 2 GPEs in block 00 to 07
[    3.486239] vgaarb: setting as boot device: PCI:0000:00:02.0
[    3.487984] vgaarb: device added: PCI:0000:00:02.0,decodes=io+mem,owns=io+mem,locks=none
[    3.490711] vgaarb: loaded
[    3.491853] vgaarb: bridge control possible 0000:00:02.0
[    3.494136] SCSI subsystem initialized
[    3.495980] ACPI: bus type USB registered
[    3.497420] usbcore: registered new interface driver usbfs
[    3.499136] usbcore: registered new interface driver hub
[    3.500880] usbcore: registered new device driver usb
[    3.506308] PCI: Using ACPI for IRQ routing
[    3.508447] NetLabel: Initializing
[    3.509708] NetLabel:  domain hash size = 128
[    3.511159] NetLabel:  protocols = UNLABELED CIPSOv4
[    3.569169] NetLabel:  unlabeled traffic allowed by default
[    3.571275] amd_nb: Cannot enumerate AMD northbridges
[    3.606297] clocksource: Switched to clocksource kvm-clock
[  3.622280] AppArmor: AppArmor Filesystem Enabled
[    3.683056] pnp: PnP ACPI init
[    3.685376] pnp: PnP ACPI: found 3 devices

[    3.698694] clocksource: acpi_pm: mask: 0xffffff max_cycles: 0xffffff, max_idl_ns: 2085701024 ns
[  3.732565] NET: Registered protocol family 2

[    3.796216] TCP established hash table entries: 8192 (rder: 4, 65536 bytes)
[    3.835664] TCP bind hash table entries: 8192 (order: 5, 131072 bytes)
[    3.837741] TCP: Hash tables configured (established 8192 bind 8192)
[    3.839805] UDP hash table entries: 512 (order: 2, 16384 bytes)
[    3.841725] UDP-Lite hash table entries: 512 (order: 2, 16384 bytes)
[    3.843836] NET: Registered protocol family 1
[    3.845424] pci 0000:00:00.0: Limiting direct PCI/PCI transfers
[    3.847329] pci 0000:00:01.0: Activating ISA DMA hang workarounds
[    3.849540] Unpacking initramfs...
[    4.126813] Freeing initrd memory: 14828K
[    4.128912] clocksource: tsc: mask: 0xffffffffffffffff max_cycles: 0x2b2296bc2b9, max_idle_ns: 440795321505 ns
[    4.139242] platform rtc_cmos: registered platform RTC device (no PNP device found)
[    4.142102] Scanning for low memory corruption every 60 seconds
[    4.148598] audit: initializing netlink subsys (disabled)
[    4.150489] audit: type=2000 audit(1566491254.867:1): initialized
[    4.152847] Initialise system trusted keyring
[    4.154699] HugeTLB registered 2 MB page size, pre-allocated 0 pages
[    4.158805] zbud: loaded
[    4.160422] VFS: Disk quotas dquot_6.6.0
[    4.161925] VFS: Dquot-cache hash table entries: 512 (order 0, 4096 bytes)
[    4.164446] squashfs: version 4.0 (2009/01/31) Phillip Lougher
[    4.166722] fuse init (API version 7.23)
[    4.178400] Key type big_key registered
[    4.179901] Allocating IMA MOK and blacklist keyrings.
[    4.183807] Key type asymmetric registered
[    4.185309] Asymmetric key parser 'x509' registered
[    4.228135] Block layer SCSI generic (bsg) driver version 0.4 loaded (major 249)
[    4.230987] io scheduler noop registered
[    4.232406] io scheduler deadline registered (default)
[    4.234345] io scheduler cfq registered
[    4.235886] pci_hotplug: PCI Hot Plug PCI Core version: 0.5
[    4.237706] pciehp: PCI Express Hot Plug Controller Driver version: 0.4
[    4.318707] ACPI: AC Adapter [AC] (on-line)
[    4.320260] input: Power Button as /devices/LNXSYSTM:00/LNXPWRBN:00/input/input0
[    4.322899] ACPI: Power Button [PWRF]
[    4.338441] input: Sleep Button as /devices/LNXSYSTM:00/LNXSLPBN:00/input/input1
[    4.341075] ACPI: Sleep Button [SLPF]
[    4.408134] GHES: HEST is not enabled!
[    4.409727] Serial: 8250/16550 driver, 32 ports, IRQ sharing enabled
[    4.438593] 00:02: ttyS0 at I/O 0x3f8 (irq = 4, base_baud = 115200) is a 16550A
[    4.474644] Linux agpgart interface v0.103
[    4.478806] loop: module loaded
[    4.489216] scsi host0: ata_piix
[    4.490788] scsi host1: ata_piix
[    4.492144] ata1: PATA max UDMA/33 cmd 0x1f0 ctl 0x3f6 bmdma 0xd000 irq 14
[    4.494228] ata2: PATA max UDMA/33 cmd 0x170 ctl 0x376 bmdma 0xd008 irq 15
[    4.496533] libphy: Fixed MDIO Bus: probed
[    4.508171] tun: Universal TUN/TAP device driver, 1.6
[    4.518436] tun: (C) 1999-2004 Max Krasnyansky <maxk@qualcomm.com>
[    4.520412] PPP generic driver version 2.4.2
[    4.522053] ehci_hcd: USB 2.0 'Enhanced' Host Controller (EHCI) Driver
[    4.524127] ehci-pci: EHCI PCI platform driver
[    4.525694] ehci-platform: EHCI generic platform driver
[    4.558455] ohci_hcd: USB 1.1 'Open' Host Controller (OHCI) Driver
[    4.598584] ohci-pci: OHCI PCI platform driver
[    4.600154] ohci-platform: OHCI generic platform driver
[    4.608526] uhci_hcd: USB Universal Host Controller Interface driver
[    4.610707] i8042: PNP: PS/2 Controller [PNP0303:PS2K,PNP0f03:PS2M] at 0x60,0x64 irq 1,12
[    4.614421] serio: i8042 KBD port at 0x60,0x64 irq 1
[    4.616075] serio: i8042 AUX port at 0x60,0x64 irq 12
[    4.617940] mousedev: PS/2 mouse device common for all mice
[    4.699707] input: AT Translated Set 2 keyboard as /devices/platform/i8042/serio0/input/input2
[    4.702985] rtc_cmos rtc_cmos: rtc core: registered rtc_cmos as rtc0
[    4.705078] rtc_cmos rtc_cmos: alarms up to one day, 114 bytes nvram
[    4.708223] i2c /dev entries driver
[    4.709643] device-mapper: uevent: version 1.0.3
[    4.711576] device-mapper: ioctl: 4.34.0-ioctl (2015-10-28) initialised: dm-devel@redhat.com
[    4.714585] ledtrig-cpu: registered to indicate activity on CPUs
[    4.717251] NET: Registered protocol family 10
[    4.719295] NET: Registered protocol family 17
[    4.720873] Key type dns_resolver registered
[    4.723067] registered taskstats version 1
[    4.724577] Loading compiled-in X.509 certificates
[    4.727329] Loaded X.509 cert 'Build time autogenerated kernel key: 65139e04a67245b562a838c28b5e7032abdd4348'
[    4.730628] zswap: loaded using pool lzo/zbud
[    4.745177] Key type trusted registered
[    4.772596] Key type encrypted registered
[    4.780604] AppArmor: AppArmor sha1 policy hashing enabled
[    4.782508] ima: No TPM chip found, activating TPM-bypass!
[    4.784300] ima: Allocated hash algorithm: sha1
[    4.785900] evm: HMAC attrs: 0x1
[    4.788742]   Magic number: 15:289:490
[    4.790393] rtc_cmos rtc_cmos: setting system clock to 2019-08-22 16:27:31 UTC (1566491251)
[    4.793513] BIOS EDD facility v0.16 2004-Jun-25, 0 devices found
[    4.796537] EDD information not available.
[    4.804816] Freeing unused kernel memory: 1484K
[    4.822374] Write protecting the kernel read-only data: 14336k
[    4.838158] Freeing unused kernel memory: 1616K
[    4.840244] Freeing unused kernel memory: 68K
Loading, please wait...
starting version 229
[    4.987927] random: systemd-udevd: uninitialized urandom read (16 bytes read, 2 bits of entropy available)
[    4.993231] random: systemd-udevd: uninitialized urandom read (16 bytes read, 2 bits of entropy available)
[    5.005382] random: systemd-udevd: uninitialized urandom read (16 bytes read, 2 bits of entropy available)
[    5.021545] random: udevadm: uninitialized urandom read (16 bytes read, 2 bits of entropy available)
[    5.021715] random: udevadm: uninitialized urandom read (16 bytes read, 2 bits of entropy available)
[    5.081879] random: systemd-udevd: uninitialized urandom read (16 bytes read, 2 bits of entropy available)
[    5.115677] random: systemd-udevd: uninitialized urandom read (16 bytes read, 2 bits of entropy available)
[    5.121413] random: systemd-udevd: uninitialized urandom read (16 bytes read, 2 bits of entropy available)
[    5.126502] random: systemd-udevd: uninitialized urandom read (16 bytes read, 2 bits of entropy available)
[    5.136038] random: systemd-udevd: uninitialized urandom read (16 bytes read, 2 bits of entropy available)
[    5.440523] e1000: Intel(R) PRO/1000 Network Driver - version 7.3.21-k8-NAPI
[    5.443885] e1000: Copyright (c) 1999-2006 Intel Corporation.
[    5.451442] Fusion MPT base driver 3.04.20
[    5.488348] Copyright (c) 1999-2008 LSI Corporation
[    5.621403] Fusion MPT SPI Host driver 3.04.20
[    5.768479] input: ImExPS/2 Generic Explorer Mouse as /devices/platform/i8042/serio1/input/input4
[    6.070468] e1000 0000:00:03.0 eth0: (PCI:33MHz:32-bit) 02:1e:e5:6d:71:21
[    6.098379] e1000 0000:00:03.0 eth0: Intel(R) PRO/1000 Network Connection
[    6.102873] mptbase: ioc0: Initiating bringup
[    6.110843] e1000 0000:00:03.0 enp0s3: renamed from eth0
[    6.174721] ioc0: LSI53C1030 A0: Capabilities={Initiator}
[    6.336154] scsi host2: ioc0: LSI53C1030 A0, FwRev=00000000h, Ports=1, MaxQ=256, IRQ=20
[    6.479199] scsi 2:0:0:0: Direct-Access     VBOX     HARDDISK         1.0  PQ: 0 ANSI: 5
[    6.580272] scsi target2:0:0: Beginning Domain Validation
[    6.583897] scsi target2:0:0: Domain Validation skipping write tests
[    6.585882] scsi target2:0:0: Ending Domain Validation
[    6.587716] scsi target2:0:0: asynchronous
[    6.589868] scsi 2:0:1:0: Direct-Access     VBOX     HARDDISK         1.0  PQ: 0 ANSI: 5
[    6.609640] scsi target2:0:1: Beginning Domain Validation
[    6.630513] scsi target2:0:1: Domain Validation skipping write tests
[    6.632507] scsi target2:0:1: Ending Domain Validation
[    6.634313] scsi target2:0:1: asynchronous
[    6.644774] sd 2:0:0:0: Attached scsi generic sg0 type 0
[    6.648749] sd 2:0:0:0: [sda] 20971520 512-byte logical blocks: (10.7 GB/10.0 GiB)
[    6.652063] sd 2:0:0:0: [sda] Write Protect is off
[    6.655273] sd 2:0:1:0: Attached scsi generic sg1 type 0
[    6.655288] sd 2:0:1:0: [sdb] 20480 512-byte logical blocks: (10.5 MB/10.0 MiB)
[    6.655507] sd 2:0:1:0: [sdb] Write Protect is off
[    6.655532] sd 2:0:0:0: [sda] Incomplete mode parameter data
[    6.655559] sd 2:0:0:0: [sda] Assuming drive cache: write through
[    6.655642] sd 2:0:1:0: [sdb] Incomplete mode parameter data
[    6.655644] sd 2:0:1:0: [sdb] Assuming drive cache: write through
[    6.678080]  sda: sda1
[    6.679227] sd 2:0:1:0: [sdb] Attached SCSI disk
[    6.679835] sd 2:0:0:0: [sda] Attached SCSI disk
Begin: Loading essential drivers ... [    9.067902] md: linear personality registered for level -1
[    9.092986] md: multipath personality registered for level -4
[    9.122785] md: raid0 personality registered for level 0
[    9.155699] md: raid1 personality registered for level 1
[    9.267017] raid6: sse2x1   gen()  5304 MB/s
[    9.356987] raid6: sse2x1   xor()  5132 MB/s
[    9.427134] raid6: sse2x2   gen()  5549 MB/s
[    9.527013] raid6: sse2x2   xor()  5506 MB/s
[    9.746993] raid6: sse2x4   gen()  8917 MB/s
[    9.826991] raid6: sse2x4   xor()  7272 MB/s
[    9.828496] raid6: using algorithm sse2x4 gen() 8917 MB/s
[    9.830439] raid6: .... xor() 7272 MB/s, rmw enabled
[    9.832068] raid6: using ssse3x2 recovery algorithm
[    9.835804] xor: measuring software checksum speed
[    9.942820]    prefetch64-sse: 29508.000 MB/sec
[   10.037006]    generic_sse: 26252.000 MB/sec
[   10.038822] xor: using function: prefetch64-sse (29508.000 MB/sec)
[   10.045795] async_tx: api initialized (async)
[   10.087729] md: raid6 personality registered for level 6
[   10.109869] md: raid5 personality registered for level 5
[   10.111637] md: raid4 personality registered for level 4
[   10.164091] md: raid10 personality registered for level 10
done.
Begin: Running /scripts/init-premount ... done.
Begin: Mounting root file system ... Begin: Running /scripts/local-top ... done.
Begin: Running /scripts/local-premount ... [   10.329336] Btrfs loaded
Scanning for Btrfs filesystems
done.
Warning: fsck not present, so skipping root file system
[   10.718153] EXT4-fs (sda1): mounted filesystem with ordered data mode. Opts: (null)
done.
Begin: Running /scripts/local-bottom ... done.
Begin: Running /scripts/init-bottom ... done.
[   11.578840] systemd[1]: systemd 229 running in system mode. (+PAM +AUDIT +SELINUX +IMA +APPARMOR +SMACK +SYSVINIT +UTMP +LIBCRYPTSETUP +GCRYPT +GNUTLS +ACL +XZ -LZ4 +SECCOMP +BLKID +ELFUTILS +KMOD -IDN)
[   11.751823] systemd[1]: Detected virtualization oracle.
[   11.766850] systemd[1]: Detected architecture x86-64.
[   11.790722] random: nonblocking pool is initialized

Welcome to [1mUbuntu 16.04.6 LTS[0m!

[   11.818829] systemd[1]: Set hostname to <ubuntu>.
[   11.869130] systemd[1]: Initializing machine ID from random generator.
[   11.888186] systemd[1]: Installed transient /etc/machine-id file.
[   12.946384] systemd[1]: Listening on LVM2 metadata daemon socket.
[[0;32m  OK  [0m] Listening on LVM2 metadata daemon socket.
[   12.973573] systemd[1]: Created slice User and Session Slice.
[[0;32m  OK  [0m] Created slice User and Session Slice.
[   12.986660] systemd[1]: Reached target Encrypted Volumes.
[[0;32m  OK  [0m] Reached target Encrypted Volumes.
[   12.998761] systemd[1]: Listening on LVM2 poll daemon socket.
[[0;32m  OK  [0m] Listening on LVM2 poll daemon socket.
[   13.010698] systemd[1]: Reached target System Time Synchronized.
[[0;32m  OK  [0m] Reached target System Time Synchronized.
[   13.023333] systemd[1]: Set up automount Arbitrary Executable File Formats File System Automount Point.
[[0;32m  OK  [0m] Set up automount Arbitrary Executab...ats File System Automount Point.
[   13.062687] systemd[1]: Listening on udev Kernel Socket.
[[0;32m  OK  [0m] Listening on udev Kernel Socket.
[   13.086664] systemd[1]: Reached target User and Group Name Lookups.
[[0;32m  OK  [0m] Reached target User and Group Name Lookups.
[   13.111840] systemd[1]: Listening on Device-mapper event daemon FIFOs.
[[0;32m  OK  [0m] Listening on Device-mapper event daemon FIFOs.
[   13.182945] systemd[1]: Started Forward Password Requests to Wall Directory Watch.
[[0;32m  OK  [0m] Started Forward Password Requests to Wall Directory Watch.
[   13.246735] systemd[1]: Listening on /dev/initctl Compatibility Named Pipe.
[[0;32m  OK  [0m] Listening on /dev/initctl Compatibility Named Pipe.
[   13.314877] systemd[1]: Listening on Journal Audit Socket.
[[0;32m  OK  [0m] Listening on Journal Audit Socket.
[   13.356646] systemd[1]: Listening on Syslog Socket.
[[0;32m  OK  [0m] Listening on Syslog Socket.
[   13.408312] systemd[1]: Started Trigger resolvconf update for networkd DNS.
[[0;32m  OK  [0m] Started Trigger resolvconf update for networkd DNS.
[   13.466604] systemd[1]: Reached target Swap.
[[0;32m  OK  [0m] Reached target Swap.
[   13.502944] systemd[1]: Listening on Journal Socket.
[[0;32m  OK  [0m] Listening on Journal Socket.
[   13.531554] systemd[1]: Created slice System Slice.
[[0;32m  OK  [0m] Created slice System Slice.
[   13.591613] systemd[1]: Starting Load Kernel Modules...
         Starting Load Kernel Modules...
[   13.614996] systemd[1]: Starting Monitoring of LVM2 mirrors, snapshots etc. using dmeventd or progress polling...
         Starting Monitoring of LVM2 mirrors... dmeventd or progress polling...
[   13.654217] systemd[1]: Starting Set console keymap...
         Starting Set console keymap...
[   13.675444] systemd[1]: Starting Uncomplicated firewall...
         Starting Uncomplicated firewall...
[   13.702717] systemd[1]: Starting Nameserver information manager...
         Starting Nameserver information manager...
[   13.725406] systemd[1]: Mounting Huge Pages File System...
         Mounting Huge Pages File System...
[   13.778841] systemd[1]: Mounting POSIX Message Queue File System...
         Mounting POSIX Message Queue File System...
[   13.857475] Loading iSCSI transport class v2.0-870.
[   13.879461] systemd[1]: Starting Create list of required static device nodes for the current kernel...
         Starting Create list of required st... nodes for the current kernel...
[   13.898745] systemd[1]: Created slice system-serial\x2dgetty.slice.
[[0;32m  OK  [0m] Created slice system-serial\x2dgetty.slice.[   13.935988] iscsi: registered transport (tcp)

[   13.986751] systemd[1]: Starting Remount Root and Kernel File Systems...
         Starting Remount Root and Kernel File Systems...
[   14.017889] systemd[1]: Reached target Slices.
[[0;32m  OK  [0m] Reached target Slices.
[   14.059523] systemd[1]: Listening on udev Control Socket.
[[0;32m  OK  [[   14.063082] EXT4-fs (sda1): re-mounted. Opts: (null)
0m] Listening on udev Control Socket.
[   14.087423] systemd[1]: Listening on Journal Socket (/dev/log).
[[0;32m  OK  [0m] Listening on Journal Socket (/dev/log).
[   14.124045] systemd[1]: Starting Journal Service...
         Starting Journal Service...
[   14.158591] systemd[1]: Mounting Debug File System...
[   14.204257] iscsi: registered transport (iser)
         Mounting Debug File System...
[   14.257567] systemd[1]: Mounted POSIX Message Queue File System.
[[0;32m  OK  [0m] Mounted POSIX Message Queue File System.
[   14.270701] systemd[1]: Mounted Huge Pages File System.
[[0;32m  OK  [0m] Mounted Huge Pages File System.
[   14.287924] systemd[1]: Mounted Debug File System.
[[0;32m  OK  [0m] Mounted Debug File System.
[   14.310994] systemd[1]: Started Load Kernel Modules.
[[0;32m  OK  [0m] Started Load Kernel Modules.
[   14.337387] systemd[1]: Started Uncomplicated firewall.
[[0;32m  OK  [0m] Started Uncomplicated firewall.
[   14.381042] systemd[1]: Started Create list of required static device nodes for the current kernel.
[[0;32m  OK  [0m] Started Create list of required sta...ce nodes for the current kernel.
[   14.421631] systemd[1]: Started Set console keymap.
[[0;32m  OK  [0m] Started Set console keymap.
[   14.430921] systemd[1]: Started Remount Root and Kernel File Systems.
[[0;32m  OK  [0m] Started Remount Root and Kernel File Systems.
[   14.456436] systemd[1]: Started Nameserver information manager.
[[0;32m  OK  [0m] Started Nameserver information manager.
[   14.514437] systemd[1]: Started Journal Service.
[[0;32m  OK  [0m] Started Journal Service.
[[0;32m  OK  [0m] Started LVM2 metadata daemon.
         Starting Flush Journal to Persistent Storage...
         Starting udev Coldplug all Devices...
         Starting Load/Save Random Seed...
         Starting Create Static Device Nodes in /dev...
         Mounting FUSE Control File System...
         Starting Apply Kernel Variables...
[[0;32m  OK  [0m] Mounted FUSE Control File System.
[[0;32m  OK  [0m] Started Load/Save Random Seed.
[   15.012838] systemd-journald[383]: Received request to flush runtime journal from PID 1
[[0;32m  OK  [0m] Started Apply Kernel Variables.
[[0;32m  OK  [0m] Started Flush Journal to Persistent Storage.
[[0;32m  OK  [0m] Started Create Static Device Nodes in /dev.
         Starting udev Kernel Device Manager...
[[0;32m  OK  [0m] Started Monitoring of LVM2 mirrors,...ng dmeventd or progress polling.
[[0;32m  OK  [0m] Reached target Local File Systems (Pre).
[[0;32m  OK  [0m] Reached target Local File Systems.
         Starting Set console font and keymap...
         Starting LSB: AppArmor initialization...
         Starting Tell Plymouth To Write Out Runtime Data...
         Starting Commit a transient machine-id on disk...
         Starting Initial cloud-init job (pre-networking)...
         Starting Create Volatile Files and Directories...
[[0;32m  OK  [0m] Started Tell Plymouth To Write Out Runtime Data.
[[0;32m  OK  [0m] Started Commit a transient machine-id on disk.
[[0;32m  OK  [0m] Started udev Coldplug all Devices.
[[0;32m  OK  [0m] Started Create Volatile Files and Directories.
         Starting Update UTMP about System Boot/Shutdown...
[[0;32m  OK  [0m] Started udev Kernel Device Manager.
[[0;32m  OK  [0m] Started Dispatch Password Requests to Console Directory Watch.
[[0;32m  OK  [0m] Started Update UTMP about System Boot/Shutdown.
[[0;32m  OK  [0m] Found device /dev/ttyS0.
[[0;32m  OK  [0m] Listening on Load/Save RF Kill Switch Status /dev/rfkill Watch.
[[0;32m  OK  [0m] Started LSB: AppArmor initialization.
[   19.653387] cloud-init[464]: Cloud-init v. 19.1-1-gbaa47854-0ubuntu1~16.04.1 running 'init-local' at Thu, 22 Aug 2019 16:27:47 +0000. Up 17.96 seconds.
[[0;32m  OK  [0m] Started Initial cloud-init job (pre-networking).
[[0;32m  OK  [0m] Reached target Network (Pre).
         Starting Raise network interfaces...
[[0;32m  OK  [0m] Started Set console font and keymap.
[[0;32m  OK  [0m] Created slice system-getty.slice.
[[0;32m  OK  [0m] Started Raise network interfaces.
         Starting Initial cloud-init job (metadata service crawler)...
[[0;32m  OK  [0m] Reached target Network.
[   26.239204] cloud-init[939]: Cloud-init v. 19.1-1-gbaa47854-0ubuntu1~16.04.1 running 'init' at Thu, 22 Aug 2019 16:27:52 +0000. Up 22.80 seconds.
[   26.255695] cloud-init[939]: ci-info: ++++++++++++++++++++++++++++++++++++++Net device info++++++++++++++++++++++++++++++++++++++
[   26.267616] cloud-init[939]: ci-info: +--------+------+----------------------------+---------------+--------+-------------------+
[   26.283021] cloud-init[939]: ci-info: | Device |  Up  |          Address           |      Mask     | Scope  |     Hw-Address    |
[   26.307727] cloud-init[939]: ci-info: +--------+------+----------------------------+---------------+--------+-------------------+
[   26.323353] cloud-init[939]: ci-info: | enp0s3 | True |         10.0.2.15          | 255.255.255.0 | global | 02:1e:e5:6d:71:21 |
[   26.332256] cloud-init[939]: ci-info: | enp0s3 | True | fe80::1e:e5ff:fe6d:7121/64 |       .       |  link  | 02:1e:e5:6d:71:21 |
[   26.340299] cloud-init[939]: ci-info: |   lo   | True |         127.0.0.1          |   255.0.0.0   |  host  |         .         |
[   26.348738] cloud-init[939]: ci-info: |   lo   | True |          ::1/128           |       .       |  host  |         .         |
[   26.356347] cloud-init[939]: ci-info: +--------+------+----------------------------+---------------+--------+-------------------+
[   26.366470] cloud-init[939]: ci-info: +++++++++++++++++++++++++++Route IPv4 info++++++++++++++++++++++++++++
[   26.378295] cloud-init[939]: ci-info: +-------+-------------+----------+---------------+-----------+-------+
[   26.437606] cloud-init[939]: ci-info: | Route | Destination | Gateway  |    Genmask    | Interface | Flags |
[   26.450898] cloud-init[939]: ci-info: +-------+-------------+----------+---------------+-----------+-------+
[   26.457928] cloud-init[939]: ci-info: |   0   |   0.0.0.0   | 10.0.2.2 |    0.0.0.0    |   enp0s3  |   UG  |
[   26.466870] cloud-init[939]: ci-info: |   1   |   10.0.2.0  | 0.0.0.0  | 255.255.255.0 |   enp0s3  |   U   |
[   26.474236] cloud-init[939]: ci-info: +-------+-------------+----------+---------------+-----------+-------+
[   26.480953] cloud-init[939]: ci-info: +++++++++++++++++++Route IPv6 info+++++++++++++++++++
[   26.489084] cloud-init[939]: ci-info: +-------+-------------+---------+-----------+-------+
[   26.496011] cloud-init[939]: ci-info: | Route | Destination | Gateway | Interface | Flags |
[   26.502333] cloud-init[939]: ci-info: +-------+-------------+---------+-----------+-------+
[   26.507192] cloud-init[939]: ci-info: |   0   |  fe80::/64  |    ::   |   enp0s3  |   U   |
[   26.549256] cloud-init[939]: ci-info: |   4   |   ff00::/8  |    ::   |   enp0s3  |   U   |
[   26.599654] cloud-init[939]: ci-info: +-------+-------------+---------+-----------+-------+
[   26.625976] cloud-init[939]: Generating public/private rsa key pair.
[[0;32m  OK  [0m] Started Initial cloud-init job (metadata service crawler).
[   26.649828] cloud-init[939]: Your identification has been saved in /etc/ssh/ssh_host_rsa_key.
[   26.719405] cloud-init[939]: Your public key has been saved in /etc/ssh/ssh_host_rsa_key.pub.
[   26.816574] cloud-init[939]: The key fingerprint is:
[[0;32m  OK  [0m] Reached target Cloud-config availability.
[[0;32m  OK  [0m] Reached target Network is Online.
[   26.875525] cloud-init[939]: SHA256:cVpkvN8gA9Wb+DJgEY22IT9u3wUvKW/jkONKUfXJOqI root@ubuntu-xenial
[   26.905619] cloud-init[939]: The key's randomart image is:
[   26.921055]          Starting iSCSI initiator daemon (iscsid)...
[[0;32m  OK  [0mcloud-init[939]: +---[RSA 2048]----+
[   26.934856] cloud-init[939]: |        .*+..    |
[   26.935097] cloud-init[939]: |      . *oo..o . |
[   26.935331] cloud-init[939]: |       +.=+o o+  |
[   26.935570] cloud-init[939]: |        **= =.   |
[   26.935803] cloud-init[939]: |       oSo.=o*   |
[   26.936038] cloud-init[939]: |        oo+o=.+  |
[   26.936278] cloud-init[939]: |       .E.+* o   |
[   26.936563] cloud-init[939]: |       . ..o=    |
] Reached target System Initialization.
[   26.936884] cloud-init[939]: |        ...o..   |
[   27.017716] [[0;32m  OK  [0m] Started ACPI Events Check.
cloud-init[939]: +----[SHA256]-----+
[   27.024321] cloud-init[[0;32m  OK  [0m] Reached target Paths.
[[0;32m  OK  [0m] Started Daily Cleanup of Temporary Directories.
[[0;32m  OK  [0m] Listening on D-Bus System Message Bus Socket.
         Starting Socket activation for snappy daemon.
[[0;32m  OK  [0m] Listening on ACPID Listen Socket.
[[0;32m  OK  [0m] Started Daily apt download activities.
[[0;32m  OK  [0m] Started Daily apt upgrade and clean activities.
[[0;32m  OK  [0m] Reached target Timers.
[[0;32m  OK  [0m] Listening on UUID daemon activation socket.
[939]: Generating public/private dsa key pair.
[   27.083578] cloud-init[939]: Your identification has been saved in /etc/ssh/ssh_host_dsa_key.
[   27.088074] cloud-init[939]: Your public key has been saved in /etc/ssh/ssh_host_dsa_key.pub.
[   27.106992] cloud-init[939]: The key fingerprint is:
[   27.110735] cloud-init[939]: SHA256:f9Dr765E9VJtMls2MysvPT1oqy2LpOX+4aKUXhFCxwY root@ubuntu-xenial
[   27.121121] cloud-init[939]: The key's randomart image is:
[   27.124448] cloud-init[939]: +---[DSA 1024]----+
[   27.131146] cloud-init[939]: |       Eo.       |
[   27.133597] cloud-init[939]: |      . .o      .|
[   27.138745] cloud-init[939]: |       ...    ++*|
[   27.143550] cloud-init[939]: |        . .. . X=|
[   27.147436] cloud-init[939]: |        S.. o.o..|
         Starting LXD - unix socket.
[   27.155042] cloud-init[939]: |        ...o .=..|
[   27.161156] cloud-init[939]: |       o +..++ =.|
[   27.166974] cloud-init[939]: |      o *.o=+ o o|
[   27.173220] cloud-init[939]: |       +o+o=*B+  |
[   27.194108] cloud-init[939]: +----[SHA256]-----+
[   27.204916] cloud-init[939]: Generating public/private ecdsa key pair.
[   27.210908] cloud-init[939]: Your identification has been saved in /etc/ssh/ssh_host_ecdsa_key.
[   27.236947] cloud-init[939]: Your public key has been saved in /etc/ssh/ssh_host_ecdsa_key.pub.
[[0;32m  OK  [0m] Listening on Socket activation for snappy daemon.
[[0;32m  OK  [0m] Listening on LXD - unix socket.
[   27.256033] cloud-init[939]: The key fingerprint is:
[   27.281651] cloud-init[939]: SHA256:PC5jGROrK3Reui/b4wTIk/nHb1yArR+LF5ZjJ3X86ng root@ubuntu-xenial
[   27.284297] cloud-init[939]: The key's randomart image is:
[   27.288809] cloud-init[939]: +---[ECDSA 256]---+
[   27.291508] cloud-init[939]: |                 |
[   27.294176] cloud-init[939]: |                 |
[   27.296802] cloud-init[939]: |      .o   .     |
[   27.299472] cloud-init[939]: | . +  .+o . o    |
[   27.302084] cloud-init[939]: |  * . +.S+ . .   |
[   27.305034] cloud-init[939]: |  .o.+o=O.o   .  |
[   27.307753] cloud-init[939]: | . oooO*.O   .   |
[   27.310660] cloud-init[939]: |  . +*o+*  .E    |
[   27.313701] cloud-init[939]: |   .+*++. .o.    |
[   27.316989] cloud-init[939]: +----[SHA256]-----+
[[0;32m  OK  [0m] Reached target Sockets.
[[0;32m  OK  [0m] Reached target Basic System.
[   27.324707] cloud-init[939]: Generating public/private ed25519 key pair.
[   27.362590] cloud-init[939]: Your identification has been saved in /etc/ssh/ssh_host_ed25519_key.
         Starting Accounts Service...
[   27.384421] cloud-init[939]: Your public key has been saved in /etc/ssh/ssh_host_ed25519_key.pub.
[   27.392497] cloud-init[939]: The key fingerprint is:
[   27.412936] cloud-init[939]: SHA256:pjez0ooSNU420YYNxvlqkJg37xjUGSMWw4jlmQnLVYM root@ubuntu-xenial
[   27.425933] cloud-init[939]: The key's randomart image is:
[   27.432260] cloud-init[939]: +--[ED25519 256]--+
[   27.435270] cloud-init[939]: |o+++=O           |
[   27.439974] cloud-init[939]: |++=EB =          |
[   27.442699] cloud-init[939]: |.==+ B           |
[   27.445453] cloud-init[939]: |o * O .          |
[   27.461386] cloud-init[939]: | o O +  S        |
[[0;32m  OK  [0m] Started Deferred execution scheduler.
[   27.556284] cloud-init[939]: |  o =  o         |
[   27.563636] cloud-init[939]: |   *  ..+        |
[   27.592649] cloud-init[939]: |  o .....+       |
[[0;32m  OK  [0m] Started D-Bus System Message Bus.
[   27.620609] cloud-init[939]: |   .. .o.        |
[   27.637605] cloud-init[939]: +----[SHA256]-----+
[[0;32m  OK  [0m] Started FUSE filesystem for LXC.
         Starting /etc/rc.local Compatibility...
         Starting Virtualbox guest utils...
         Starting LSB: Record successful boot for GRUB...
[[0;32m  OK  [0m] Started ACPI event daemon.
         Starting Snappy daemon...
         Starting System Logging Service...
[[0;32m  OK  [0m] Started Regular background program processing daemon.
         Starting LXD - container startup/shutdown...
         Starting LSB: MD monitoring daemon...
         Starting Login Service...
         Starting Pollinate to seed the pseudo random number generator...
[[0;32m  OK  [0m] Started iSCSI initiator daemon (iscsid).
[[0;32m  OK  [0m] Started /etc/rc.local Compatibility.
[[0;32m  OK  [0m] Started System Logging Service.
         Starting Authenticate and Authorize Users to Run Privileged Tasks...
         Starting Login to default iSCSI targets...
[[0;32m  OK  [0m] Started Login Service.
[[0;32m  OK  [0m] Started Unattended Upgrades Shutdown.
[[0;32m  OK  [0m] Started LSB: Record successful boot for GRUB.
[[0;32m  OK  [0m] Started Authenticate and Authorize Users to Run Privileged Tasks.
[[0;32m  OK  [0m] Started Accounts Service.
[[0;32m  OK  [0m] Started LSB: MD monitoring daemon.
[[0;32m  OK  [0m] Started Login to default iSCSI targets.
[[0;32m  OK  [0m] Reached target Remote File Systems (Pre).
[[0;32m  OK  [0m] Reached target Remote File Systems.
         Starting LSB: Set the CPU Frequency Scaling governor to "ondemand"...
         Starting LSB: automatic crash report generation...
         Starting Permit User Sessions...
         Starting LSB: daemon to balance interrupts for SMP systems...
[[0;32m  OK  [0m] Started Permit User Sessions.
         Starting Hold until boot process finishes up...
         Starting Terminate Plymouth Boot Screen...
[[0;32m  OK  [0m] Started LXD - container startup/shutdown.
[[0;32m  OK  [0m] Started Hold until boot process finishes up.
[[0;32m  OK  [0m] Started Terminate Plymouth Boot Screen.
[[0;32m  OK  [0m] Started Serial Getty on ttyS0.
         Starting Set console scheme...
[[0;32m  OK  [0m] Started Getty on tty1.
[[0;32m  OK  [0m] Reached target Login Prompts.
[[0;32m  OK  [0m] Started Virtualbox guest utils.
[[0;32m  OK  [0m] Started LSB: Set the CPU Frequency Scaling governor to "ondemand".
[[0;32m  OK  [0m] Started Set console scheme.
[[0;32m  OK  [0m] Started LSB: automatic crash report generation.
[[0;32m  OK  [0m] Started LSB: daemon to balance interrupts for SMP systems.
[[0;32m  OK  [0m] Started Snappy daemon.
         Starting Wait until snapd is fully seeded...
[[0;32m  OK  [0m] Started Pollinate to seed the pseudo random number generator.
         Starting OpenBSD Secure Shell server...
[[0;32m  OK  [0m] Started OpenBSD Secure Shell server.
[[0;32m  OK  [0m] Created slice User Slice of vagrant.
         Starting User Manager for UID 1000...
[[0;32m  OK  [0m] Started Session 1 of user vagrant.
[[0;32m  OK  [0m] Started User Manager for UID 1000.
[[0;32m  OK  [0m] Started Wait until snapd is fully seeded.
         Starting Apply the settings specified in cloud-config...
[[0;32m  OK  [0m] Reached target Multi-User System.
[[0;32m  OK  [0m] Reached target Graphical Interface.
         Starting Update UTMP about System Runlevel Changes...
[[0;32m  OK  [0m] Started Update UTMP about System Runlevel Changes.

Ubuntu 16.04.6 LTS ubuntu-xenial ttyS0

ubuntu-xenial login: [   38.134003] cloud-init[1360]: Generating locales (this might take a while)...
[   41.508668] cloud-init[1360]:   en_US.UTF-8... done
[   41.522790] cloud-init[1360]: Generation complete.
[   43.270538] cloud-init[1360]: Cloud-init v. 19.1-1-gbaa47854-0ubuntu1~16.04.1 running 'modules:config' at Thu, 22 Aug 2019 16:28:07 +0000. Up 37.28 seconds.
ci-info: no authorized ssh keys fingerprints found for user ubuntu.
<14>Aug 22 16:28:15 ec2: 
<14>Aug 22 16:28:15 ec2: #############################################################
<14>Aug 22 16:28:15 ec2: -----BEGIN SSH HOST KEY FINGERPRINTS-----
<14>Aug 22 16:28:15 ec2: 1024 SHA256:f9Dr765E9VJtMls2MysvPT1oqy2LpOX+4aKUXhFCxwY root@ubuntu-xenial (DSA)
<14>Aug 22 16:28:15 ec2: 256 SHA256:PC5jGROrK3Reui/b4wTIk/nHb1yArR+LF5ZjJ3X86ng root@ubuntu-xenial (ECDSA)
<14>Aug 22 16:28:15 ec2: 256 SHA256:pjez0ooSNU420YYNxvlqkJg37xjUGSMWw4jlmQnLVYM root@ubuntu-xenial (ED25519)
<14>Aug 22 16:28:15 ec2: 2048 SHA256:cVpkvN8gA9Wb+DJgEY22IT9u3wUvKW/jkONKUfXJOqI root@ubuntu-xenial (RSA)
<14>Aug 22 16:28:15 ec2: -----END SSH HOST KEY FINGERPRINTS-----
<14>Aug 22 16:28:15 ec2: #############################################################
-----BEGIN SSH HOST KEY KEYS-----
ecdsa-sha2-nistp256 AAAAE2VjZHNhLXNoYTItbmlzdHAyNTYAAAAIbmlzdHAyNTYAAABBBNhbx1HyvxGI7U988uPyUX01ksQUJu38tt3tBXCnX1xYngzvh9ZPsGrEsQAbNyWXpVXyGGXhPiCKUJ6eVl8hFcs= root@ubuntu-xenial
ssh-ed25519 AAAAC3NzaC1lZDI1NTE5AAAAIEhu0RzfLrkmzI+/NeHpPtimrZBPm+3oo2WsOcL/xiTO root@ubuntu-xenial
ssh-rsa AAAAB3NzaC1yc2EAAAADAQABAAABAQC9PNFBWoQwCEAss8ijY9UlIDmoHI13DLSuLmY4P6LANmqyjbaF42KDKq95VVMaqQ8mCxLMPMM/VG11A/VUFRZyDu6b7eQvJwHnMeSzx/B/uMP1kYVDfsBoale7oPD0mP/3BpS1ppglwXYvPWfD3zvxF68vOsakQdr8Ha71n0rB8n9+Dg0boYqWfo9aYVlyzxHVke04ZFlw+dR4DpgupL713mOMsAYYHaeOEqkSLtI0z+7McdWe0zoh+jMvOOThqHh+KNQHFuYDo2RS1IIUejpux+Qt3yjq6SDnsYPp9s+SKkwBM+Z0peHMnMA5YMDbdF1c4yDPairsFbyC+1kx6ymN root@ubuntu-xenial
-----END SSH HOST KEY KEYS-----
[   45.519940] cloud-init[1513]: Cloud-init v. 19.1-1-gbaa47854-0ubuntu1~16.04.1 running 'modules:final' at Thu, 22 Aug 2019 16:28:14 +0000. Up 44.39 seconds.
[   45.520849] cloud-init[1513]: ci-info: no authorized ssh keys fingerprints found for user ubuntu.
[   45.522029] cloud-init[1513]: Cloud-init v. 19.1-1-gbaa47854-0ubuntu1~16.04.1 finished at Thu, 22 Aug 2019 16:28:15 +0000. Datasource DataSourceNoCloud [seed=/dev/sdb][dsmode=net].  Up 45.49 seconds
